============================= test session starts =============================
platform win32 -- Python 3.13.3, pytest-9.0.2, pluggy-1.6.0 -- C:\Users\numad\AppData\Local\Programs\Python\Python313\python.exe
cachedir: .pytest_cache
rootdir: C:\Users\numad\OneDrive\Desktop\major project1\backend
plugins: anyio-4.9.0
collecting ... collected 20 items

tests/test_crypto.py::TestIBE::test_setup_generates_params PASSED        [  5%]
tests/test_crypto.py::TestIBE::test_extract_key PASSED                   [ 10%]
tests/test_crypto.py::TestIBE::test_same_identity_same_key PASSED        [ 15%]
tests/test_crypto.py::TestIBE::test_different_identity_different_key PASSED [ 20%]
tests/test_crypto.py::TestIBE::test_encrypt_decrypt_roundtrip PASSED     [ 25%]
tests/test_crypto.py::TestIBE::test_encrypt_decrypt_json_data PASSED     [ 30%]
tests/test_crypto.py::TestIBE::test_ciphertext_serialization PASSED      [ 35%]
tests/test_crypto.py::TestShamirSecretSharing::test_generate_correct_number_of_shares PASSED [ 40%]
tests/test_crypto.py::TestShamirSecretSharing::test_reconstruct_with_k_shares PASSED [ 45%]
tests/test_crypto.py::TestShamirSecretSharing::test_reconstruct_with_all_shares PASSED [ 50%]
tests/test_crypto.py::TestShamirSecretSharing::test_any_k_shares_work PASSED [ 55%]
tests/test_crypto.py::TestShamirSecretSharing::test_bytes_roundtrip PASSED [ 60%]
tests/test_crypto.py::TestShamirSecretSharing::test_invalid_k_greater_than_n PASSED [ 65%]
tests/test_crypto.py::TestShamirSecretSharing::test_different_secrets_different_shares PASSED [ 70%]
tests/test_crypto.py::TestDistributedDecryption::test_server_initialization PASSED [ 75%]
tests/test_crypto.py::TestDistributedDecryption::test_cluster_status PASSED [ 80%]
tests/test_crypto.py::TestDistributedDecryption::test_threshold_decrypt FAILED [ 85%]
tests/test_crypto.py::TestDistributedDecryption::test_deactivate_server PASSED [ 90%]
tests/test_crypto.py::TestDistributedDecryption::test_decrypt_with_deactivated_servers FAILED [ 95%]
tests/test_crypto.py::TestDistributedDecryption::test_insufficient_servers_raises_error PASSED [100%]

================================== FAILURES ===================================
______________ TestDistributedDecryption.test_threshold_decrypt _______________

self = <test_crypto.TestDistributedDecryption object at 0x000002A8A9C54B00>

    def test_threshold_decrypt(self):
        identity = "patient@hospital.com"
        private_key = self.ibe.extract_key(identity)
    
        plaintext = "test health record data"
        ciphertext = self.ibe.encrypt_with_key(private_key, plaintext)
    
>       result = self.coordinator.combine_and_decrypt(ciphertext, identity)
                 ^^^^^^^^^^^^^^^^^^^^^^^^^^^^^^^^^^^^^^^^^^^^^^^^^^^^^^^^^^

tests\test_crypto.py:161: 
_ _ _ _ _ _ _ _ _ _ _ _ _ _ _ _ _ _ _ _ _ _ _ _ _ _ _ _ _ _ _ _ _ _ _ _ _ _ _ _

self = <src.crypto.distributed_decryption.DecryptionCoordinator object at 0x000002A8A9C5D310>
ciphertext = <src.crypto.identity_based_encryption.IBECiphertext object at 0x000002A8A9C55810>
identity = 'patient@hospital.com'
partials = [{'identity': 'patient@hospital.com', 'partial_decryption': '741cc4c38f2296c7331a304865092c7f57223352970d0157ef033e59d...': '89cc5d9f39ccc559a634155361ce83649365c8149507f8b6a2069af103c5b697', 'server_id': 'server_3', 'share_index': 3, ...}]

    def combine_and_decrypt(self, ciphertext, identity, partials=None):
        """
        Combine partial decryptions and recover the plaintext.
    
        This is the main decryption method that:
        1. Gathers partial decryptions (if not provided)
        2. Reconstructs the master secret via Lagrange interpolation
        3. Derives the private key for the identity
        4. Decrypts the ciphertext
    
        Args:
            ciphertext: IBECiphertext to decrypt
            identity: Identity string of the record owner
            partials: Optional pre-computed partial decryptions
    
        Returns:
            Decrypted plaintext as bytes
        """
        if partials is None:
            partials = self.request_partial_decryptions(ciphertext, identity)
    
        if len(partials) < self.k:
            raise ValueError(
                f"Need at least {self.k} partial decryptions, got {len(partials)}"
            )
    
        # Reconstruct master secret from shares
        shares_for_reconstruction = [
            (p['share_index'], p['share_value']) for p in partials[:self.k]
        ]
    
        reconstructed_secret_int = self.sss.reconstruct_secret(
            shares_for_reconstruction, self.k
        )
    
        # Convert back to bytes (same length as original)
        reconstructed_secret = reconstructed_secret_int.to_bytes(32, 'big')
    
        # Derive private key for the identity using reconstructed secret
        # Simulate: same as IBE extract but with reconstructed secret
        q_id = self.ibe._h1(identity)
        key_data = hashlib.sha256(reconstructed_secret + q_id).digest()
        private_key = IBEPrivateKey(identity=identity, key_data=key_data)
    
        # Decrypt the ciphertext
>       plaintext = self.ibe.decrypt(private_key, ciphertext)
                    ^^^^^^^^^^^^^^^^^^^^^^^^^^^^^^^^^^^^^^^^^

src\crypto\distributed_decryption.py:198: 
_ _ _ _ _ _ _ _ _ _ _ _ _ _ _ _ _ _ _ _ _ _ _ _ _ _ _ _ _ _ _ _ _ _ _ _ _ _ _ _

self = <src.crypto.identity_based_encryption.IdentityBasedEncryption object at 0x000002A8A9C98150>
private_key = <src.crypto.identity_based_encryption.IBEPrivateKey object at 0x000002A8A7DBB950>
ciphertext = <src.crypto.identity_based_encryption.IBECiphertext object at 0x000002A8A9C55810>

    def decrypt(self, private_key, ciphertext):
        """
        Decrypt: Decrypt ciphertext using the private key.
    
        In real IBE:
          1. g_ID = e(d_ID, U)
          2. plaintext = V XOR H3(H2(g_ID))
          3. Verify W == H4(plaintext)
    
        Simulated with hash operations.
        """
        if not self.params:
            raise ValueError("IBE system not initialized. Call setup() first.")
    
        # Step 1: Simulate pairing e(d_ID, U)
        U_point = ciphertext.U[:32]
        g_id = self._simulate_pairing(private_key.key_data, U_point)
    
        # Recover r from U (simulation-specific)
        r_encrypted = ciphertext.U[32:]
        # We need to recover the original g_id^r
        # In simulation, d_ID already encodes the master secret relationship
        # So we can compute the same g_id_r through the private key
        g_id_r = hashlib.sha256(
            b"DECRYPT_PAIRING" + private_key.key_data + U_point
        ).digest()
    
        # Step 2: Derive decryption mask
        h2_result = self._h2(g_id_r)
        mask = self._h3(h2_result, len(ciphertext.V))
    
        # Step 3: XOR to recover plaintext
        plaintext = bytes(a ^ b for a, b in zip(ciphertext.V, mask))
    
        # Step 4: Verify authentication tag
        expected_tag = self._h4(plaintext)
        if expected_tag != ciphertext.W:
>           raise ValueError("Authentication tag verification failed. Data may be tampered.")
E           ValueError: Authentication tag verification failed. Data may be tampered.

src\crypto\identity_based_encryption.py:313: ValueError
_______ TestDistributedDecryption.test_decrypt_with_deactivated_servers _______

self = <test_crypto.TestDistributedDecryption object at 0x000002A8A9C4BD10>

    def test_decrypt_with_deactivated_servers(self):
        # Deactivate 2 servers (still have 3 = k active)
        self.coordinator.deactivate_server('server_1')
        self.coordinator.deactivate_server('server_2')
    
        identity = "patient@hospital.com"
        private_key = self.ibe.extract_key(identity)
        plaintext = "test data with fewer servers"
        ciphertext = self.ibe.encrypt_with_key(private_key, plaintext)
    
>       result = self.coordinator.combine_and_decrypt(ciphertext, identity)
                 ^^^^^^^^^^^^^^^^^^^^^^^^^^^^^^^^^^^^^^^^^^^^^^^^^^^^^^^^^^

tests\test_crypto.py:179: 
_ _ _ _ _ _ _ _ _ _ _ _ _ _ _ _ _ _ _ _ _ _ _ _ _ _ _ _ _ _ _ _ _ _ _ _ _ _ _ _

self = <src.crypto.distributed_decryption.DecryptionCoordinator object at 0x000002A8A9C55CD0>
ciphertext = <src.crypto.identity_based_encryption.IBECiphertext object at 0x000002A8A9C4BAD0>
identity = 'patient@hospital.com'
partials = [{'identity': 'patient@hospital.com', 'partial_decryption': '0deb2137bd1a08ae4fe5b50803f737baca9b7c1f5163e9c924ab6eb10...': '434bf489677835bf16aaa7c287ee9bd6e440f0e1bad0bc9fa84d2936553f9369', 'server_id': 'server_5', 'share_index': 5, ...}]

    def combine_and_decrypt(self, ciphertext, identity, partials=None):
        """
        Combine partial decryptions and recover the plaintext.
    
        This is the main decryption method that:
        1. Gathers partial decryptions (if not provided)
        2. Reconstructs the master secret via Lagrange interpolation
        3. Derives the private key for the identity
        4. Decrypts the ciphertext
    
        Args:
            ciphertext: IBECiphertext to decrypt
            identity: Identity string of the record owner
            partials: Optional pre-computed partial decryptions
    
        Returns:
            Decrypted plaintext as bytes
        """
        if partials is None:
            partials = self.request_partial_decryptions(ciphertext, identity)
    
        if len(partials) < self.k:
            raise ValueError(
                f"Need at least {self.k} partial decryptions, got {len(partials)}"
            )
    
        # Reconstruct master secret from shares
        shares_for_reconstruction = [
            (p['share_index'], p['share_value']) for p in partials[:self.k]
        ]
    
        reconstructed_secret_int = self.sss.reconstruct_secret(
            shares_for_reconstruction, self.k
        )
    
        # Convert back to bytes (same length as original)
        reconstructed_secret = reconstructed_secret_int.to_bytes(32, 'big')
    
        # Derive private key for the identity using reconstructed secret
        # Simulate: same as IBE extract but with reconstructed secret
        q_id = self.ibe._h1(identity)
        key_data = hashlib.sha256(reconstructed_secret + q_id).digest()
        private_key = IBEPrivateKey(identity=identity, key_data=key_data)
    
        # Decrypt the ciphertext
>       plaintext = self.ibe.decrypt(private_key, ciphertext)
                    ^^^^^^^^^^^^^^^^^^^^^^^^^^^^^^^^^^^^^^^^^

src\crypto\distributed_decryption.py:198: 
_ _ _ _ _ _ _ _ _ _ _ _ _ _ _ _ _ _ _ _ _ _ _ _ _ _ _ _ _ _ _ _ _ _ _ _ _ _ _ _

self = <src.crypto.identity_based_encryption.IdentityBasedEncryption object at 0x000002A8A7DA7B60>
private_key = <src.crypto.identity_based_encryption.IBEPrivateKey object at 0x000002A8A7DA76B0>
ciphertext = <src.crypto.identity_based_encryption.IBECiphertext object at 0x000002A8A9C4BAD0>

    def decrypt(self, private_key, ciphertext):
        """
        Decrypt: Decrypt ciphertext using the private key.
    
        In real IBE:
          1. g_ID = e(d_ID, U)
          2. plaintext = V XOR H3(H2(g_ID))
          3. Verify W == H4(plaintext)
    
        Simulated with hash operations.
        """
        if not self.params:
            raise ValueError("IBE system not initialized. Call setup() first.")
    
        # Step 1: Simulate pairing e(d_ID, U)
        U_point = ciphertext.U[:32]
        g_id = self._simulate_pairing(private_key.key_data, U_point)
    
        # Recover r from U (simulation-specific)
        r_encrypted = ciphertext.U[32:]
        # We need to recover the original g_id^r
        # In simulation, d_ID already encodes the master secret relationship
        # So we can compute the same g_id_r through the private key
        g_id_r = hashlib.sha256(
            b"DECRYPT_PAIRING" + private_key.key_data + U_point
        ).digest()
    
        # Step 2: Derive decryption mask
        h2_result = self._h2(g_id_r)
        mask = self._h3(h2_result, len(ciphertext.V))
    
        # Step 3: XOR to recover plaintext
        plaintext = bytes(a ^ b for a, b in zip(ciphertext.V, mask))
    
        # Step 4: Verify authentication tag
        expected_tag = self._h4(plaintext)
        if expected_tag != ciphertext.W:
>           raise ValueError("Authentication tag verification failed. Data may be tampered.")
E           ValueError: Authentication tag verification failed. Data may be tampered.

src\crypto\identity_based_encryption.py:313: ValueError
=========================== short test summary info ===========================
FAILED tests/test_crypto.py::TestDistributedDecryption::test_threshold_decrypt
FAILED tests/test_crypto.py::TestDistributedDecryption::test_decrypt_with_deactivated_servers
======================== 2 failed, 18 passed in 0.10s =========================
